<?xml version="1.0" encoding="ISO-8859-1" ?>
<link_info>
   <banner>TI ARM Linker Unix v18.1.2.LTS</banner>
   <copyright>Copyright (c) 1996-2017 Texas Instruments Incorporated</copyright>
   <link_time>0x5b692b54</link_time>
   <link_errors>0x0</link_errors>
   <output_file>Dispensadora.out</output_file>
   <entry_point>
      <name>_c_int00_noinit_noargs</name>
      <address>0x749</address>
   </entry_point>
   <input_file_list>
      <input_file id="fl-1">
         <path>./</path>
         <kind>object</kind>
         <file>Dispensadora.obj</file>
         <name>Dispensadora.obj</name>
      </input_file>
      <input_file id="fl-2">
         <path>./</path>
         <kind>object</kind>
         <file>startup_ccs.obj</file>
         <name>startup_ccs.obj</name>
      </input_file>
      <input_file id="fl-7">
         <kind>object</kind>
         <file>&lt;internal&gt;</file>
         <name>&lt;internal&gt;</name>
      </input_file>
      <input_file id="fl-bd">
         <path>/home/ickson/ticcs/ccsv8/tools/compiler/ti-cgt-arm_18.1.2.LTS/lib/</path>
         <kind>archive</kind>
         <file>rtsv7M4_T_le_v4SPD16_eabi.lib</file>
         <name>copy_zero_init.c.obj</name>
      </input_file>
      <input_file id="fl-be">
         <path>/home/ickson/ticcs/ccsv8/tools/compiler/ti-cgt-arm_18.1.2.LTS/lib/</path>
         <kind>archive</kind>
         <file>rtsv7M4_T_le_v4SPD16_eabi.lib</file>
         <name>copy_decompress_none.c.obj</name>
      </input_file>
      <input_file id="fl-bf">
         <path>/home/ickson/ticcs/ccsv8/tools/compiler/ti-cgt-arm_18.1.2.LTS/lib/</path>
         <kind>archive</kind>
         <file>rtsv7M4_T_le_v4SPD16_eabi.lib</file>
         <name>copy_decompress_lzss.c.obj</name>
      </input_file>
      <input_file id="fl-c0">
         <path>/home/ickson/ticcs/ccsv8/tools/compiler/ti-cgt-arm_18.1.2.LTS/lib/</path>
         <kind>archive</kind>
         <file>rtsv7M4_T_le_v4SPD16_eabi.lib</file>
         <name>boot_cortex_m.c.obj</name>
      </input_file>
      <input_file id="fl-c1">
         <path>/home/ickson/ticcs/ccsv8/tools/compiler/ti-cgt-arm_18.1.2.LTS/lib/</path>
         <kind>archive</kind>
         <file>rtsv7M4_T_le_v4SPD16_eabi.lib</file>
         <name>exit.c.obj</name>
      </input_file>
      <input_file id="fl-c2">
         <path>/home/ickson/ticcs/ccsv8/tools/compiler/ti-cgt-arm_18.1.2.LTS/lib/</path>
         <kind>archive</kind>
         <file>rtsv7M4_T_le_v4SPD16_eabi.lib</file>
         <name>_lock.c.obj</name>
      </input_file>
      <input_file id="fl-c3">
         <path>/home/ickson/ticcs/ccsv8/tools/compiler/ti-cgt-arm_18.1.2.LTS/lib/</path>
         <kind>archive</kind>
         <file>rtsv7M4_T_le_v4SPD16_eabi.lib</file>
         <name>args_main.c.obj</name>
      </input_file>
      <input_file id="fl-c4">
         <path>/home/ickson/ticcs/ccsv8/tools/compiler/ti-cgt-arm_18.1.2.LTS/lib/</path>
         <kind>archive</kind>
         <file>rtsv7M4_T_le_v4SPD16_eabi.lib</file>
         <name>memset_t2.asm.obj</name>
      </input_file>
      <input_file id="fl-c5">
         <path>/home/ickson/ticcs/ccsv8/tools/compiler/ti-cgt-arm_18.1.2.LTS/lib/</path>
         <kind>archive</kind>
         <file>rtsv7M4_T_le_v4SPD16_eabi.lib</file>
         <name>memcpy_t2.asm.obj</name>
      </input_file>
      <input_file id="fl-c6">
         <path>/home/ickson/ticcs/ccsv8/tools/compiler/ti-cgt-arm_18.1.2.LTS/lib/</path>
         <kind>archive</kind>
         <file>rtsv7M4_T_le_v4SPD16_eabi.lib</file>
         <name>autoinit.c.obj</name>
      </input_file>
      <input_file id="fl-c7">
         <path>/home/ickson/ticcs/ccsv8/tools/compiler/ti-cgt-arm_18.1.2.LTS/lib/</path>
         <kind>archive</kind>
         <file>rtsv7M4_T_le_v4SPD16_eabi.lib</file>
         <name>pre_init.c.obj</name>
      </input_file>
      <input_file id="fl-c8">
         <path>/home/ickson/ticcs/ccsv8/tools/compiler/ti-cgt-arm_18.1.2.LTS/lib/</path>
         <kind>archive</kind>
         <file>rtsv7M4_T_le_v4SPD16_eabi.lib</file>
         <name>cpy_tbl.c.obj</name>
      </input_file>
      <input_file id="fl-c9">
         <path>/home/ickson/Documentos/Projetos/CLPHUGO/SW-TM4C-2.1.4.178/driverlib/ccs/Debug/</path>
         <kind>archive</kind>
         <file>driverlib.lib</file>
         <name>flash.obj</name>
      </input_file>
      <input_file id="fl-ca">
         <path>/home/ickson/Documentos/Projetos/CLPHUGO/SW-TM4C-2.1.4.178/driverlib/ccs/Debug/</path>
         <kind>archive</kind>
         <file>driverlib.lib</file>
         <name>gpio.obj</name>
      </input_file>
      <input_file id="fl-cb">
         <path>/home/ickson/Documentos/Projetos/CLPHUGO/SW-TM4C-2.1.4.178/driverlib/ccs/Debug/</path>
         <kind>archive</kind>
         <file>driverlib.lib</file>
         <name>interrupt.obj</name>
      </input_file>
      <input_file id="fl-cc">
         <path>/home/ickson/Documentos/Projetos/CLPHUGO/SW-TM4C-2.1.4.178/driverlib/ccs/Debug/</path>
         <kind>archive</kind>
         <file>driverlib.lib</file>
         <name>sysctl.obj</name>
      </input_file>
      <input_file id="fl-cd">
         <path>/home/ickson/Documentos/Projetos/CLPHUGO/SW-TM4C-2.1.4.178/driverlib/ccs/Debug/</path>
         <kind>archive</kind>
         <file>driverlib.lib</file>
         <name>cpu.obj</name>
      </input_file>
   </input_file_list>
   <object_component_list>
      <object_component id="oc-f">
         <name>.intvecs</name>
         <load_address>0x0</load_address>
         <run_address>0x0</run_address>
         <size>0x200</size>
         <input_file_ref idref="fl-2"/>
      </object_component>
      <object_component id="oc-da">
         <name>.text:SysCtlClockFreqSet</name>
         <load_address>0x200</load_address>
         <run_address>0x200</run_address>
         <size>0x200</size>
         <input_file_ref idref="fl-cc"/>
      </object_component>
      <object_component id="oc-170">
         <name>.text:GPIOPadConfigSet</name>
         <load_address>0x400</load_address>
         <run_address>0x400</run_address>
         <size>0x132</size>
         <input_file_ref idref="fl-ca"/>
      </object_component>
      <object_component id="oc-30">
         <name>.text:FaultISR</name>
         <load_address>0x532</load_address>
         <run_address>0x532</run_address>
         <size>0x2</size>
         <input_file_ref idref="fl-2"/>
      </object_component>
      <object_component id="oc-ad">
         <name>.text:main</name>
         <load_address>0x534</load_address>
         <run_address>0x534</run_address>
         <size>0xc0</size>
         <input_file_ref idref="fl-1"/>
      </object_component>
      <object_component id="oc-179">
         <name>.text:FlashProgram</name>
         <load_address>0x5f4</load_address>
         <run_address>0x5f4</run_address>
         <size>0x68</size>
         <input_file_ref idref="fl-c9"/>
      </object_component>
      <object_component id="oc-152">
         <name>.text:_SysCtlFrequencyGet</name>
         <load_address>0x65c</load_address>
         <run_address>0x65c</run_address>
         <size>0x48</size>
         <input_file_ref idref="fl-cc"/>
      </object_component>
      <object_component id="oc-e6">
         <name>.text:SysCtlPeripheralReady</name>
         <load_address>0x6a4</load_address>
         <run_address>0x6a4</run_address>
         <size>0x38</size>
         <input_file_ref idref="fl-cc"/>
      </object_component>
      <object_component id="oc-f9">
         <name>.text:Flash_wb</name>
         <load_address>0x6dc</load_address>
         <run_address>0x6dc</run_address>
         <size>0x36</size>
         <input_file_ref idref="fl-1"/>
      </object_component>
      <object_component id="oc-36">
         <name>.text:IntDefaultHandler</name>
         <load_address>0x712</load_address>
         <run_address>0x712</run_address>
         <size>0x2</size>
         <input_file_ref idref="fl-2"/>
      </object_component>
      <object_component id="oc-e0">
         <name>.text:SysCtlPeripheralEnable</name>
         <load_address>0x714</load_address>
         <run_address>0x714</run_address>
         <size>0x34</size>
         <input_file_ref idref="fl-cc"/>
      </object_component>
      <object_component id="oc-62">
         <name>.text:_c_int00_noinit_noargs:_c_int00_noinit_noargs</name>
         <load_address>0x748</load_address>
         <run_address>0x748</run_address>
         <size>0x30</size>
         <input_file_ref idref="fl-c0"/>
      </object_component>
      <object_component id="oc-16a">
         <name>.text:GPIODirModeSet</name>
         <load_address>0x778</load_address>
         <run_address>0x778</run_address>
         <size>0x2a</size>
         <input_file_ref idref="fl-ca"/>
      </object_component>
      <object_component id="oc-2a">
         <name>.text:NmiSR</name>
         <load_address>0x7a2</load_address>
         <run_address>0x7a2</run_address>
         <size>0x2</size>
         <input_file_ref idref="fl-2"/>
      </object_component>
      <object_component id="oc-14c">
         <name>.text:_SysCtlMemTimingGet</name>
         <load_address>0x7a4</load_address>
         <run_address>0x7a4</run_address>
         <size>0x20</size>
         <input_file_ref idref="fl-cc"/>
      </object_component>
      <object_component id="oc-ff">
         <name>.text:GPIOPinTypeGPIOOutput</name>
         <load_address>0x7c4</load_address>
         <run_address>0x7c4</run_address>
         <size>0x18</size>
         <input_file_ref idref="fl-ca"/>
      </object_component>
      <object_component id="oc-ec">
         <name>.text:GPIOPinTypeGPIOInput</name>
         <load_address>0x7dc</load_address>
         <run_address>0x7dc</run_address>
         <size>0x12</size>
         <input_file_ref idref="fl-ca"/>
      </object_component>
      <object_component id="oc-f3">
         <name>.text:GPIOPinRead</name>
         <load_address>0x7ee</load_address>
         <run_address>0x7ee</run_address>
         <size>0x6</size>
         <input_file_ref idref="fl-ca"/>
      </object_component>
      <object_component id="oc-105">
         <name>.text:GPIOPinWrite</name>
         <load_address>0x7f4</load_address>
         <run_address>0x7f4</run_address>
         <size>0x6</size>
         <input_file_ref idref="fl-ca"/>
      </object_component>
      <object_component id="oc-24">
         <name>.text:ResetISR</name>
         <load_address>0x7fa</load_address>
         <run_address>0x7fa</run_address>
         <size>0x6</size>
         <input_file_ref idref="fl-2"/>
      </object_component>
      <object_component id="oc-f2">
         <name>.text:SysCtlDelay</name>
         <load_address>0x800</load_address>
         <run_address>0x800</run_address>
         <size>0x6</size>
         <input_file_ref idref="fl-cc"/>
      </object_component>
      <object_component id="oc-a7">
         <name>.text:_system_pre_init</name>
         <load_address>0x806</load_address>
         <run_address>0x806</run_address>
         <size>0x4</size>
         <input_file_ref idref="fl-c7"/>
      </object_component>
      <object_component id="oc-10c">
         <name>.text:abort:abort</name>
         <load_address>0x80a</load_address>
         <run_address>0x80a</run_address>
         <size>0x4</size>
         <input_file_ref idref="fl-c1"/>
      </object_component>
      <object_component id="oc-15b">
         <name>.const:g_pppui32XTALtoVCO</name>
         <load_address>0x810</load_address>
         <run_address>0x810</run_address>
         <size>0x1b0</size>
         <input_file_ref idref="fl-cc"/>
      </object_component>
      <object_component id="oc-158">
         <name>.const:g_pui32Xtals</name>
         <load_address>0x9c0</load_address>
         <run_address>0x9c0</run_address>
         <size>0x6c</size>
         <input_file_ref idref="fl-cc"/>
      </object_component>
      <object_component id="oc-1a2">
         <name>.const:g_sXTALtoMEMTIM</name>
         <load_address>0xa2c</load_address>
         <run_address>0xa2c</run_address>
         <size>0x30</size>
         <input_file_ref idref="fl-cc"/>
      </object_component>
      <object_component id="oc-15e">
         <name>.const</name>
         <load_address>0xa5c</load_address>
         <run_address>0xa5c</run_address>
         <size>0x8</size>
         <input_file_ref idref="fl-cc"/>
      </object_component>
      <object_component id="oc-21">
         <name>.stack</name>
         <uninitialized>true</uninitialized>
         <run_address>0x20000000</run_address>
         <size>0x4</size>
         <input_file_ref idref="fl-c0"/>
      </object_component>
      <object_component id="oc-216">
         <name>.stack</name>
         <uninitialized>true</uninitialized>
         <run_address>0x20000000</run_address>
         <size>0x0</size>
      </object_component>
      <object_component id="oc-c9">
         <name>.debug_info</name>
         <load_address>0x0</load_address>
         <run_address>0x0</run_address>
         <size>0x4ae</size>
         <input_file_ref idref="fl-1"/>
      </object_component>
      <object_component id="oc-fa">
         <name>.debug_info</name>
         <load_address>0x4ae</load_address>
         <run_address>0x4ae</run_address>
         <size>0x1ca</size>
         <input_file_ref idref="fl-1"/>
      </object_component>
      <object_component id="oc-ae">
         <name>.debug_info</name>
         <load_address>0x678</load_address>
         <run_address>0x678</run_address>
         <size>0x276</size>
         <input_file_ref idref="fl-1"/>
      </object_component>
      <object_component id="oc-82">
         <name>.debug_info</name>
         <load_address>0x8ee</load_address>
         <run_address>0x8ee</run_address>
         <size>0x26b</size>
         <input_file_ref idref="fl-1"/>
      </object_component>
      <object_component id="oc-c4">
         <name>.debug_info</name>
         <load_address>0xb59</load_address>
         <run_address>0xb59</run_address>
         <size>0x8b</size>
         <input_file_ref idref="fl-1"/>
      </object_component>
      <object_component id="oc-bf">
         <name>.debug_info</name>
         <load_address>0xbe4</load_address>
         <run_address>0xbe4</run_address>
         <size>0x297</size>
         <input_file_ref idref="fl-1"/>
      </object_component>
      <object_component id="oc-87">
         <name>.debug_info</name>
         <load_address>0xe7b</load_address>
         <run_address>0xe7b</run_address>
         <size>0xbb</size>
         <input_file_ref idref="fl-1"/>
      </object_component>
      <object_component id="oc-3e">
         <name>.debug_info</name>
         <load_address>0xf36</load_address>
         <run_address>0xf36</run_address>
         <size>0x29c</size>
         <input_file_ref idref="fl-2"/>
      </object_component>
      <object_component id="oc-10">
         <name>.debug_info</name>
         <load_address>0x11d2</load_address>
         <run_address>0x11d2</run_address>
         <size>0xdb</size>
         <input_file_ref idref="fl-2"/>
      </object_component>
      <object_component id="oc-25">
         <name>.debug_info</name>
         <load_address>0x12ad</load_address>
         <run_address>0x12ad</run_address>
         <size>0x10b</size>
         <input_file_ref idref="fl-2"/>
      </object_component>
      <object_component id="oc-2b">
         <name>.debug_info</name>
         <load_address>0x13b8</load_address>
         <run_address>0x13b8</run_address>
         <size>0xf9</size>
         <input_file_ref idref="fl-2"/>
      </object_component>
      <object_component id="oc-37">
         <name>.debug_info</name>
         <load_address>0x14b1</load_address>
         <run_address>0x14b1</run_address>
         <size>0x114</size>
         <input_file_ref idref="fl-2"/>
      </object_component>
      <object_component id="oc-31">
         <name>.debug_info</name>
         <load_address>0x15c5</load_address>
         <run_address>0x15c5</run_address>
         <size>0xff</size>
         <input_file_ref idref="fl-2"/>
      </object_component>
      <object_component id="oc-45">
         <name>.debug_info</name>
         <load_address>0x16c4</load_address>
         <run_address>0x16c4</run_address>
         <size>0x84</size>
         <input_file_ref idref="fl-2"/>
      </object_component>
      <object_component id="oc-22">
         <name>.debug_info</name>
         <load_address>0x1748</load_address>
         <run_address>0x1748</run_address>
         <size>0x100</size>
         <input_file_ref idref="fl-c0"/>
      </object_component>
      <object_component id="oc-63">
         <name>.debug_info</name>
         <load_address>0x1848</load_address>
         <run_address>0x1848</run_address>
         <size>0x19d</size>
         <input_file_ref idref="fl-c0"/>
      </object_component>
      <object_component id="oc-10d">
         <name>.debug_info</name>
         <load_address>0x19e5</load_address>
         <run_address>0x19e5</run_address>
         <size>0x117</size>
         <input_file_ref idref="fl-c1"/>
      </object_component>
      <object_component id="oc-a8">
         <name>.debug_info</name>
         <load_address>0x1afc</load_address>
         <run_address>0x1afc</run_address>
         <size>0x148</size>
         <input_file_ref idref="fl-c7"/>
      </object_component>
      <object_component id="oc-1b9">
         <name>.debug_info</name>
         <load_address>0x1c44</load_address>
         <run_address>0x1c44</run_address>
         <size>0x203</size>
         <input_file_ref idref="fl-c9"/>
      </object_component>
      <object_component id="oc-17a">
         <name>.debug_info</name>
         <load_address>0x1e47</load_address>
         <run_address>0x1e47</run_address>
         <size>0x2c8</size>
         <input_file_ref idref="fl-c9"/>
      </object_component>
      <object_component id="oc-162">
         <name>.debug_info</name>
         <load_address>0x210f</load_address>
         <run_address>0x210f</run_address>
         <size>0x18b</size>
         <input_file_ref idref="fl-c9"/>
      </object_component>
      <object_component id="oc-178">
         <name>.debug_info</name>
         <load_address>0x229a</load_address>
         <run_address>0x229a</run_address>
         <size>0x240</size>
         <input_file_ref idref="fl-ca"/>
      </object_component>
      <object_component id="oc-106">
         <name>.debug_info</name>
         <load_address>0x24da</load_address>
         <run_address>0x24da</run_address>
         <size>0x2a3</size>
         <input_file_ref idref="fl-ca"/>
      </object_component>
      <object_component id="oc-16b">
         <name>.debug_info</name>
         <load_address>0x277d</load_address>
         <run_address>0x277d</run_address>
         <size>0x2b3</size>
         <input_file_ref idref="fl-ca"/>
      </object_component>
      <object_component id="oc-171">
         <name>.debug_info</name>
         <load_address>0x2a30</load_address>
         <run_address>0x2a30</run_address>
         <size>0x316</size>
         <input_file_ref idref="fl-ca"/>
      </object_component>
      <object_component id="oc-100">
         <name>.debug_info</name>
         <load_address>0x2d46</load_address>
         <run_address>0x2d46</run_address>
         <size>0x2b7</size>
         <input_file_ref idref="fl-ca"/>
      </object_component>
      <object_component id="oc-ed">
         <name>.debug_info</name>
         <load_address>0x2ffd</load_address>
         <run_address>0x2ffd</run_address>
         <size>0x285</size>
         <input_file_ref idref="fl-ca"/>
      </object_component>
      <object_component id="oc-f4">
         <name>.debug_info</name>
         <load_address>0x3282</load_address>
         <run_address>0x3282</run_address>
         <size>0x27b</size>
         <input_file_ref idref="fl-ca"/>
      </object_component>
      <object_component id="oc-167">
         <name>.debug_info</name>
         <load_address>0x34fd</load_address>
         <run_address>0x34fd</run_address>
         <size>0x298</size>
         <input_file_ref idref="fl-cc"/>
      </object_component>
      <object_component id="oc-159">
         <name>.debug_info</name>
         <load_address>0x3795</load_address>
         <run_address>0x3795</run_address>
         <size>0x14d</size>
         <input_file_ref idref="fl-cc"/>
      </object_component>
      <object_component id="oc-15c">
         <name>.debug_info</name>
         <load_address>0x38e2</load_address>
         <run_address>0x38e2</run_address>
         <size>0x159</size>
         <input_file_ref idref="fl-cc"/>
      </object_component>
      <object_component id="oc-1a3">
         <name>.debug_info</name>
         <load_address>0x3a3b</load_address>
         <run_address>0x3a3b</run_address>
         <size>0x153</size>
         <input_file_ref idref="fl-cc"/>
      </object_component>
      <object_component id="oc-15f">
         <name>.debug_info</name>
         <load_address>0x3b8e</load_address>
         <run_address>0x3b8e</run_address>
         <size>0x160</size>
         <input_file_ref idref="fl-cc"/>
      </object_component>
      <object_component id="oc-e7">
         <name>.debug_info</name>
         <load_address>0x3cee</load_address>
         <run_address>0x3cee</run_address>
         <size>0x27f</size>
         <input_file_ref idref="fl-cc"/>
      </object_component>
      <object_component id="oc-e1">
         <name>.debug_info</name>
         <load_address>0x3f6d</load_address>
         <run_address>0x3f6d</run_address>
         <size>0x27d</size>
         <input_file_ref idref="fl-cc"/>
      </object_component>
      <object_component id="oc-14d">
         <name>.debug_info</name>
         <load_address>0x41ea</load_address>
         <run_address>0x41ea</run_address>
         <size>0x270</size>
         <input_file_ref idref="fl-cc"/>
      </object_component>
      <object_component id="oc-153">
         <name>.debug_info</name>
         <load_address>0x445a</load_address>
         <run_address>0x445a</run_address>
         <size>0x2ba</size>
         <input_file_ref idref="fl-cc"/>
      </object_component>
      <object_component id="oc-db">
         <name>.debug_info</name>
         <load_address>0x4714</load_address>
         <run_address>0x4714</run_address>
         <size>0x49a</size>
         <input_file_ref idref="fl-cc"/>
      </object_component>
      <object_component id="oc-1af">
         <name>.debug_info</name>
         <load_address>0x4bae</load_address>
         <run_address>0x4bae</run_address>
         <size>0x5f</size>
         <input_file_ref idref="fl-cc"/>
      </object_component>
      <object_component id="oc-217">
         <name>.debug_info</name>
         <load_address>0x4c0d</load_address>
         <run_address>0x4c0d</run_address>
         <size>0x9e</size>
      </object_component>
      <object_component id="oc-14b">
         <name>.debug_line</name>
         <load_address>0x0</load_address>
         <run_address>0x0</run_address>
         <size>0x110</size>
         <input_file_ref idref="fl-1"/>
      </object_component>
      <object_component id="oc-fd">
         <name>.debug_line</name>
         <load_address>0x110</load_address>
         <run_address>0x110</run_address>
         <size>0x65</size>
         <input_file_ref idref="fl-1"/>
      </object_component>
      <object_component id="oc-b1">
         <name>.debug_line</name>
         <load_address>0x175</load_address>
         <run_address>0x175</run_address>
         <size>0x76</size>
         <input_file_ref idref="fl-1"/>
      </object_component>
      <object_component id="oc-85">
         <name>.debug_line</name>
         <load_address>0x1eb</load_address>
         <run_address>0x1eb</run_address>
         <size>0x76</size>
         <input_file_ref idref="fl-1"/>
      </object_component>
      <object_component id="oc-c7">
         <name>.debug_line</name>
         <load_address>0x261</load_address>
         <run_address>0x261</run_address>
         <size>0x20</size>
         <input_file_ref idref="fl-1"/>
      </object_component>
      <object_component id="oc-c2">
         <name>.debug_line</name>
         <load_address>0x281</load_address>
         <run_address>0x281</run_address>
         <size>0x7a</size>
         <input_file_ref idref="fl-1"/>
      </object_component>
      <object_component id="oc-8a">
         <name>.debug_line</name>
         <load_address>0x2fb</load_address>
         <run_address>0x2fb</run_address>
         <size>0x77</size>
         <input_file_ref idref="fl-1"/>
      </object_component>
      <object_component id="oc-81">
         <name>.debug_line</name>
         <load_address>0x372</load_address>
         <run_address>0x372</run_address>
         <size>0x34</size>
         <input_file_ref idref="fl-2"/>
      </object_component>
      <object_component id="oc-3d">
         <name>.debug_line</name>
         <load_address>0x3a6</load_address>
         <run_address>0x3a6</run_address>
         <size>0x34</size>
         <input_file_ref idref="fl-2"/>
      </object_component>
      <object_component id="oc-28">
         <name>.debug_line</name>
         <load_address>0x3da</load_address>
         <run_address>0x3da</run_address>
         <size>0x46</size>
         <input_file_ref idref="fl-2"/>
      </object_component>
      <object_component id="oc-2e">
         <name>.debug_line</name>
         <load_address>0x420</load_address>
         <run_address>0x420</run_address>
         <size>0x49</size>
         <input_file_ref idref="fl-2"/>
      </object_component>
      <object_component id="oc-3a">
         <name>.debug_line</name>
         <load_address>0x469</load_address>
         <run_address>0x469</run_address>
         <size>0x49</size>
         <input_file_ref idref="fl-2"/>
      </object_component>
      <object_component id="oc-34">
         <name>.debug_line</name>
         <load_address>0x4b2</load_address>
         <run_address>0x4b2</run_address>
         <size>0x49</size>
         <input_file_ref idref="fl-2"/>
      </object_component>
      <object_component id="oc-48">
         <name>.debug_line</name>
         <load_address>0x4fb</load_address>
         <run_address>0x4fb</run_address>
         <size>0x20</size>
         <input_file_ref idref="fl-2"/>
      </object_component>
      <object_component id="oc-7b">
         <name>.debug_line</name>
         <load_address>0x51b</load_address>
         <run_address>0x51b</run_address>
         <size>0x33</size>
         <input_file_ref idref="fl-c0"/>
      </object_component>
      <object_component id="oc-66">
         <name>.debug_line</name>
         <load_address>0x54e</load_address>
         <run_address>0x54e</run_address>
         <size>0x55</size>
         <input_file_ref idref="fl-c0"/>
      </object_component>
      <object_component id="oc-110">
         <name>.debug_line</name>
         <load_address>0x5a3</load_address>
         <run_address>0x5a3</run_address>
         <size>0x3c</size>
         <input_file_ref idref="fl-c1"/>
      </object_component>
      <object_component id="oc-ab">
         <name>.debug_line</name>
         <load_address>0x5df</load_address>
         <run_address>0x5df</run_address>
         <size>0x40</size>
         <input_file_ref idref="fl-c7"/>
      </object_component>
      <object_component id="oc-1de">
         <name>.debug_line</name>
         <load_address>0x61f</load_address>
         <run_address>0x61f</run_address>
         <size>0x82</size>
         <input_file_ref idref="fl-c9"/>
      </object_component>
      <object_component id="oc-17d">
         <name>.debug_line</name>
         <load_address>0x6a1</load_address>
         <run_address>0x6a1</run_address>
         <size>0xbd</size>
         <input_file_ref idref="fl-c9"/>
      </object_component>
      <object_component id="oc-165">
         <name>.debug_line</name>
         <load_address>0x75e</load_address>
         <run_address>0x75e</run_address>
         <size>0x69</size>
         <input_file_ref idref="fl-c9"/>
      </object_component>
      <object_component id="oc-1b7">
         <name>.debug_line</name>
         <load_address>0x7c7</load_address>
         <run_address>0x7c7</run_address>
         <size>0x82</size>
         <input_file_ref idref="fl-ca"/>
      </object_component>
      <object_component id="oc-109">
         <name>.debug_line</name>
         <load_address>0x849</load_address>
         <run_address>0x849</run_address>
         <size>0x92</size>
         <input_file_ref idref="fl-ca"/>
      </object_component>
      <object_component id="oc-16e">
         <name>.debug_line</name>
         <load_address>0x8db</load_address>
         <run_address>0x8db</run_address>
         <size>0x95</size>
         <input_file_ref idref="fl-ca"/>
      </object_component>
      <object_component id="oc-174">
         <name>.debug_line</name>
         <load_address>0x970</load_address>
         <run_address>0x970</run_address>
         <size>0xd1</size>
         <input_file_ref idref="fl-ca"/>
      </object_component>
      <object_component id="oc-103">
         <name>.debug_line</name>
         <load_address>0xa41</load_address>
         <run_address>0xa41</run_address>
         <size>0x99</size>
         <input_file_ref idref="fl-ca"/>
      </object_component>
      <object_component id="oc-f0">
         <name>.debug_line</name>
         <load_address>0xada</load_address>
         <run_address>0xada</run_address>
         <size>0x93</size>
         <input_file_ref idref="fl-ca"/>
      </object_component>
      <object_component id="oc-f7">
         <name>.debug_line</name>
         <load_address>0xb6d</load_address>
         <run_address>0xb6d</run_address>
         <size>0x92</size>
         <input_file_ref idref="fl-ca"/>
      </object_component>
      <object_component id="oc-1ae">
         <name>.debug_line</name>
         <load_address>0xbff</load_address>
         <run_address>0xbff</run_address>
         <size>0x13d</size>
         <input_file_ref idref="fl-cc"/>
      </object_component>
      <object_component id="oc-1a8">
         <name>.debug_line</name>
         <load_address>0xd3c</load_address>
         <run_address>0xd3c</run_address>
         <size>0x7f</size>
         <input_file_ref idref="fl-cc"/>
      </object_component>
      <object_component id="oc-1aa">
         <name>.debug_line</name>
         <load_address>0xdbb</load_address>
         <run_address>0xdbb</run_address>
         <size>0x7f</size>
         <input_file_ref idref="fl-cc"/>
      </object_component>
      <object_component id="oc-1dc">
         <name>.debug_line</name>
         <load_address>0xe3a</load_address>
         <run_address>0xe3a</run_address>
         <size>0x7f</size>
         <input_file_ref idref="fl-cc"/>
      </object_component>
      <object_component id="oc-1ac">
         <name>.debug_line</name>
         <load_address>0xeb9</load_address>
         <run_address>0xeb9</run_address>
         <size>0x7f</size>
         <input_file_ref idref="fl-cc"/>
      </object_component>
      <object_component id="oc-ea">
         <name>.debug_line</name>
         <load_address>0xf38</load_address>
         <run_address>0xf38</run_address>
         <size>0x94</size>
         <input_file_ref idref="fl-cc"/>
      </object_component>
      <object_component id="oc-e4">
         <name>.debug_line</name>
         <load_address>0xfcc</load_address>
         <run_address>0xfcc</run_address>
         <size>0x94</size>
         <input_file_ref idref="fl-cc"/>
      </object_component>
      <object_component id="oc-150">
         <name>.debug_line</name>
         <load_address>0x1060</load_address>
         <run_address>0x1060</run_address>
         <size>0x9e</size>
         <input_file_ref idref="fl-cc"/>
      </object_component>
      <object_component id="oc-156">
         <name>.debug_line</name>
         <load_address>0x10fe</load_address>
         <run_address>0x10fe</run_address>
         <size>0xb0</size>
         <input_file_ref idref="fl-cc"/>
      </object_component>
      <object_component id="oc-de">
         <name>.debug_line</name>
         <load_address>0x11ae</load_address>
         <run_address>0x11ae</run_address>
         <size>0x196</size>
         <input_file_ref idref="fl-cc"/>
      </object_component>
      <object_component id="oc-1b2">
         <name>.debug_line</name>
         <load_address>0x1344</load_address>
         <run_address>0x1344</run_address>
         <size>0x7f</size>
         <input_file_ref idref="fl-cc"/>
      </object_component>
      <object_component id="oc-fe">
         <name>.debug_frame</name>
         <load_address>0x0</load_address>
         <run_address>0x0</run_address>
         <size>0x5c</size>
         <input_file_ref idref="fl-1"/>
      </object_component>
      <object_component id="oc-b2">
         <name>.debug_frame</name>
         <load_address>0x5c</load_address>
         <run_address>0x5c</run_address>
         <size>0x5c</size>
         <input_file_ref idref="fl-1"/>
      </object_component>
      <object_component id="oc-29">
         <name>.debug_frame</name>
         <load_address>0xb8</load_address>
         <run_address>0xb8</run_address>
         <size>0x54</size>
         <input_file_ref idref="fl-2"/>
      </object_component>
      <object_component id="oc-2f">
         <name>.debug_frame</name>
         <load_address>0x10c</load_address>
         <run_address>0x10c</run_address>
         <size>0x54</size>
         <input_file_ref idref="fl-2"/>
      </object_component>
      <object_component id="oc-3b">
         <name>.debug_frame</name>
         <load_address>0x160</load_address>
         <run_address>0x160</run_address>
         <size>0x54</size>
         <input_file_ref idref="fl-2"/>
      </object_component>
      <object_component id="oc-35">
         <name>.debug_frame</name>
         <load_address>0x1b4</load_address>
         <run_address>0x1b4</run_address>
         <size>0x54</size>
         <input_file_ref idref="fl-2"/>
      </object_component>
      <object_component id="oc-67">
         <name>.debug_frame</name>
         <load_address>0x208</load_address>
         <run_address>0x208</run_address>
         <size>0x58</size>
         <input_file_ref idref="fl-c0"/>
      </object_component>
      <object_component id="oc-111">
         <name>.debug_frame</name>
         <load_address>0x260</load_address>
         <run_address>0x260</run_address>
         <size>0x54</size>
         <input_file_ref idref="fl-c1"/>
      </object_component>
      <object_component id="oc-ac">
         <name>.debug_frame</name>
         <load_address>0x2b4</load_address>
         <run_address>0x2b4</run_address>
         <size>0x54</size>
         <input_file_ref idref="fl-c7"/>
      </object_component>
      <object_component id="oc-17e">
         <name>.debug_frame</name>
         <load_address>0x308</load_address>
         <run_address>0x308</run_address>
         <size>0x8e</size>
         <input_file_ref idref="fl-c9"/>
      </object_component>
      <object_component id="oc-10a">
         <name>.debug_frame</name>
         <load_address>0x396</load_address>
         <run_address>0x396</run_address>
         <size>0x7f</size>
         <input_file_ref idref="fl-ca"/>
      </object_component>
      <object_component id="oc-16f">
         <name>.debug_frame</name>
         <load_address>0x415</load_address>
         <run_address>0x415</run_address>
         <size>0x7f</size>
         <input_file_ref idref="fl-ca"/>
      </object_component>
      <object_component id="oc-175">
         <name>.debug_frame</name>
         <load_address>0x494</load_address>
         <run_address>0x494</run_address>
         <size>0x8f</size>
         <input_file_ref idref="fl-ca"/>
      </object_component>
      <object_component id="oc-104">
         <name>.debug_frame</name>
         <load_address>0x523</load_address>
         <run_address>0x523</run_address>
         <size>0x8a</size>
         <input_file_ref idref="fl-ca"/>
      </object_component>
      <object_component id="oc-f1">
         <name>.debug_frame</name>
         <load_address>0x5ad</load_address>
         <run_address>0x5ad</run_address>
         <size>0x86</size>
         <input_file_ref idref="fl-ca"/>
      </object_component>
      <object_component id="oc-f8">
         <name>.debug_frame</name>
         <load_address>0x633</load_address>
         <run_address>0x633</run_address>
         <size>0x7f</size>
         <input_file_ref idref="fl-ca"/>
      </object_component>
      <object_component id="oc-eb">
         <name>.debug_frame</name>
         <load_address>0x6b2</load_address>
         <run_address>0x6b2</run_address>
         <size>0x7f</size>
         <input_file_ref idref="fl-cc"/>
      </object_component>
      <object_component id="oc-e5">
         <name>.debug_frame</name>
         <load_address>0x731</load_address>
         <run_address>0x731</run_address>
         <size>0x7f</size>
         <input_file_ref idref="fl-cc"/>
      </object_component>
      <object_component id="oc-151">
         <name>.debug_frame</name>
         <load_address>0x7b0</load_address>
         <run_address>0x7b0</run_address>
         <size>0x7f</size>
         <input_file_ref idref="fl-cc"/>
      </object_component>
      <object_component id="oc-157">
         <name>.debug_frame</name>
         <load_address>0x82f</load_address>
         <run_address>0x82f</run_address>
         <size>0x8a</size>
         <input_file_ref idref="fl-cc"/>
      </object_component>
      <object_component id="oc-df">
         <name>.debug_frame</name>
         <load_address>0x8b9</load_address>
         <run_address>0x8b9</run_address>
         <size>0x98</size>
         <input_file_ref idref="fl-cc"/>
      </object_component>
      <object_component id="oc-14a">
         <name>.debug_abbrev</name>
         <load_address>0x0</load_address>
         <run_address>0x0</run_address>
         <size>0xac</size>
         <input_file_ref idref="fl-1"/>
      </object_component>
      <object_component id="oc-17f">
         <name>.debug_abbrev</name>
         <load_address>0xac</load_address>
         <run_address>0xac</run_address>
         <size>0x7a</size>
         <input_file_ref idref="fl-1"/>
      </object_component>
      <object_component id="oc-10b">
         <name>.debug_abbrev</name>
         <load_address>0x126</load_address>
         <run_address>0x126</run_address>
         <size>0x62</size>
         <input_file_ref idref="fl-1"/>
      </object_component>
      <object_component id="oc-84">
         <name>.debug_abbrev</name>
         <load_address>0x188</load_address>
         <run_address>0x188</run_address>
         <size>0x69</size>
         <input_file_ref idref="fl-1"/>
      </object_component>
      <object_component id="oc-c6">
         <name>.debug_abbrev</name>
         <load_address>0x1f1</load_address>
         <run_address>0x1f1</run_address>
         <size>0x1f</size>
         <input_file_ref idref="fl-1"/>
      </object_component>
      <object_component id="oc-c1">
         <name>.debug_abbrev</name>
         <load_address>0x210</load_address>
         <run_address>0x210</run_address>
         <size>0x5c</size>
         <input_file_ref idref="fl-1"/>
      </object_component>
      <object_component id="oc-89">
         <name>.debug_abbrev</name>
         <load_address>0x26c</load_address>
         <run_address>0x26c</run_address>
         <size>0x24</size>
         <input_file_ref idref="fl-1"/>
      </object_component>
      <object_component id="oc-80">
         <name>.debug_abbrev</name>
         <load_address>0x290</load_address>
         <run_address>0x290</run_address>
         <size>0x68</size>
         <input_file_ref idref="fl-2"/>
      </object_component>
      <object_component id="oc-3c">
         <name>.debug_abbrev</name>
         <load_address>0x2f8</load_address>
         <run_address>0x2f8</run_address>
         <size>0x29</size>
         <input_file_ref idref="fl-2"/>
      </object_component>
      <object_component id="oc-7c">
         <name>.debug_abbrev</name>
         <load_address>0x321</load_address>
         <run_address>0x321</run_address>
         <size>0x50</size>
         <input_file_ref idref="fl-2"/>
      </object_component>
      <object_component id="oc-7d">
         <name>.debug_abbrev</name>
         <load_address>0x371</load_address>
         <run_address>0x371</run_address>
         <size>0x40</size>
         <input_file_ref idref="fl-2"/>
      </object_component>
      <object_component id="oc-7f">
         <name>.debug_abbrev</name>
         <load_address>0x3b1</load_address>
         <run_address>0x3b1</run_address>
         <size>0x40</size>
         <input_file_ref idref="fl-2"/>
      </object_component>
      <object_component id="oc-7e">
         <name>.debug_abbrev</name>
         <load_address>0x3f1</load_address>
         <run_address>0x3f1</run_address>
         <size>0x40</size>
         <input_file_ref idref="fl-2"/>
      </object_component>
      <object_component id="oc-47">
         <name>.debug_abbrev</name>
         <load_address>0x431</load_address>
         <run_address>0x431</run_address>
         <size>0x1f</size>
         <input_file_ref idref="fl-2"/>
      </object_component>
      <object_component id="oc-7a">
         <name>.debug_abbrev</name>
         <load_address>0x450</load_address>
         <run_address>0x450</run_address>
         <size>0x29</size>
         <input_file_ref idref="fl-c0"/>
      </object_component>
      <object_component id="oc-b4">
         <name>.debug_abbrev</name>
         <load_address>0x479</load_address>
         <run_address>0x479</run_address>
         <size>0x61</size>
         <input_file_ref idref="fl-c0"/>
      </object_component>
      <object_component id="oc-182">
         <name>.debug_abbrev</name>
         <load_address>0x4da</load_address>
         <run_address>0x4da</run_address>
         <size>0x45</size>
         <input_file_ref idref="fl-c1"/>
      </object_component>
      <object_component id="oc-d9">
         <name>.debug_abbrev</name>
         <load_address>0x51f</load_address>
         <run_address>0x51f</run_address>
         <size>0x55</size>
         <input_file_ref idref="fl-c7"/>
      </object_component>
      <object_component id="oc-1dd">
         <name>.debug_abbrev</name>
         <load_address>0x574</load_address>
         <run_address>0x574</run_address>
         <size>0x72</size>
         <input_file_ref idref="fl-c9"/>
      </object_component>
      <object_component id="oc-1b8">
         <name>.debug_abbrev</name>
         <load_address>0x5e6</load_address>
         <run_address>0x5e6</run_address>
         <size>0x6e</size>
         <input_file_ref idref="fl-c9"/>
      </object_component>
      <object_component id="oc-164">
         <name>.debug_abbrev</name>
         <load_address>0x654</load_address>
         <run_address>0x654</run_address>
         <size>0x35</size>
         <input_file_ref idref="fl-c9"/>
      </object_component>
      <object_component id="oc-1b6">
         <name>.debug_abbrev</name>
         <load_address>0x689</load_address>
         <run_address>0x689</run_address>
         <size>0x72</size>
         <input_file_ref idref="fl-ca"/>
      </object_component>
      <object_component id="oc-181">
         <name>.debug_abbrev</name>
         <load_address>0x6fb</load_address>
         <run_address>0x6fb</run_address>
         <size>0x6c</size>
         <input_file_ref idref="fl-ca"/>
      </object_component>
      <object_component id="oc-1b4">
         <name>.debug_abbrev</name>
         <load_address>0x767</load_address>
         <run_address>0x767</run_address>
         <size>0x6c</size>
         <input_file_ref idref="fl-ca"/>
      </object_component>
      <object_component id="oc-1b5">
         <name>.debug_abbrev</name>
         <load_address>0x7d3</load_address>
         <run_address>0x7d3</run_address>
         <size>0x6c</size>
         <input_file_ref idref="fl-ca"/>
      </object_component>
      <object_component id="oc-180">
         <name>.debug_abbrev</name>
         <load_address>0x83f</load_address>
         <run_address>0x83f</run_address>
         <size>0x7a</size>
         <input_file_ref idref="fl-ca"/>
      </object_component>
      <object_component id="oc-176">
         <name>.debug_abbrev</name>
         <load_address>0x8b9</load_address>
         <run_address>0x8b9</run_address>
         <size>0x6c</size>
         <input_file_ref idref="fl-ca"/>
      </object_component>
      <object_component id="oc-177">
         <name>.debug_abbrev</name>
         <load_address>0x925</load_address>
         <run_address>0x925</run_address>
         <size>0x6e</size>
         <input_file_ref idref="fl-ca"/>
      </object_component>
      <object_component id="oc-1ad">
         <name>.debug_abbrev</name>
         <load_address>0x993</load_address>
         <run_address>0x993</run_address>
         <size>0xb0</size>
         <input_file_ref idref="fl-cc"/>
      </object_component>
      <object_component id="oc-1a7">
         <name>.debug_abbrev</name>
         <load_address>0xa43</load_address>
         <run_address>0xa43</run_address>
         <size>0x27</size>
         <input_file_ref idref="fl-cc"/>
      </object_component>
      <object_component id="oc-1a9">
         <name>.debug_abbrev</name>
         <load_address>0xa6a</load_address>
         <run_address>0xa6a</run_address>
         <size>0x27</size>
         <input_file_ref idref="fl-cc"/>
      </object_component>
      <object_component id="oc-1db">
         <name>.debug_abbrev</name>
         <load_address>0xa91</load_address>
         <run_address>0xa91</run_address>
         <size>0x27</size>
         <input_file_ref idref="fl-cc"/>
      </object_component>
      <object_component id="oc-1ab">
         <name>.debug_abbrev</name>
         <load_address>0xab8</load_address>
         <run_address>0xab8</run_address>
         <size>0x27</size>
         <input_file_ref idref="fl-cc"/>
      </object_component>
      <object_component id="oc-169">
         <name>.debug_abbrev</name>
         <load_address>0xadf</load_address>
         <run_address>0xadf</run_address>
         <size>0x6e</size>
         <input_file_ref idref="fl-cc"/>
      </object_component>
      <object_component id="oc-168">
         <name>.debug_abbrev</name>
         <load_address>0xb4d</load_address>
         <run_address>0xb4d</run_address>
         <size>0x6c</size>
         <input_file_ref idref="fl-cc"/>
      </object_component>
      <object_component id="oc-1a5">
         <name>.debug_abbrev</name>
         <load_address>0xbb9</load_address>
         <run_address>0xbb9</run_address>
         <size>0x6c</size>
         <input_file_ref idref="fl-cc"/>
      </object_component>
      <object_component id="oc-1a6">
         <name>.debug_abbrev</name>
         <load_address>0xc25</load_address>
         <run_address>0xc25</run_address>
         <size>0x6c</size>
         <input_file_ref idref="fl-cc"/>
      </object_component>
      <object_component id="oc-161">
         <name>.debug_abbrev</name>
         <load_address>0xc91</load_address>
         <run_address>0xc91</run_address>
         <size>0x7c</size>
         <input_file_ref idref="fl-cc"/>
      </object_component>
      <object_component id="oc-1b1">
         <name>.debug_abbrev</name>
         <load_address>0xd0d</load_address>
         <run_address>0xd0d</run_address>
         <size>0x49</size>
         <input_file_ref idref="fl-cc"/>
      </object_component>
      <object_component id="oc-218">
         <name>.debug_abbrev</name>
         <load_address>0xd56</load_address>
         <run_address>0xd56</run_address>
         <size>0xf</size>
      </object_component>
      <object_component id="oc-86">
         <name>.debug_str</name>
         <load_address>0x0</load_address>
         <run_address>0x0</run_address>
         <size>0x2b3</size>
         <input_file_ref idref="fl-1"/>
      </object_component>
      <object_component id="oc-c8">
         <name>.debug_str</name>
         <load_address>0x2b3</load_address>
         <run_address>0x2b3</run_address>
         <size>0xfc</size>
         <input_file_ref idref="fl-1"/>
      </object_component>
      <object_component id="oc-c3">
         <name>.debug_str</name>
         <load_address>0x3af</load_address>
         <run_address>0x3af</run_address>
         <size>0x342</size>
         <input_file_ref idref="fl-1"/>
      </object_component>
      <object_component id="oc-8b">
         <name>.debug_str</name>
         <load_address>0x6f1</load_address>
         <run_address>0x6f1</run_address>
         <size>0x14b</size>
         <input_file_ref idref="fl-1"/>
      </object_component>
      <object_component id="oc-49">
         <name>.debug_str</name>
         <load_address>0x83c</load_address>
         <run_address>0x83c</run_address>
         <size>0xfc</size>
         <input_file_ref idref="fl-2"/>
      </object_component>
      <object_component id="oc-166">
         <name>.debug_str</name>
         <load_address>0x938</load_address>
         <run_address>0x938</run_address>
         <size>0x241</size>
         <input_file_ref idref="fl-c9"/>
      </object_component>
      <object_component id="oc-1b3">
         <name>.debug_str</name>
         <load_address>0xb79</load_address>
         <run_address>0xb79</run_address>
         <size>0x141</size>
         <input_file_ref idref="fl-cc"/>
      </object_component>
      <object_component id="oc-fb">
         <name>.debug_aranges</name>
         <load_address>0x0</load_address>
         <run_address>0x0</run_address>
         <size>0x20</size>
         <input_file_ref idref="fl-1"/>
      </object_component>
      <object_component id="oc-af">
         <name>.debug_aranges</name>
         <load_address>0x20</load_address>
         <run_address>0x20</run_address>
         <size>0x20</size>
         <input_file_ref idref="fl-1"/>
      </object_component>
      <object_component id="oc-26">
         <name>.debug_aranges</name>
         <load_address>0x40</load_address>
         <run_address>0x40</run_address>
         <size>0x20</size>
         <input_file_ref idref="fl-2"/>
      </object_component>
      <object_component id="oc-2c">
         <name>.debug_aranges</name>
         <load_address>0x60</load_address>
         <run_address>0x60</run_address>
         <size>0x20</size>
         <input_file_ref idref="fl-2"/>
      </object_component>
      <object_component id="oc-38">
         <name>.debug_aranges</name>
         <load_address>0x80</load_address>
         <run_address>0x80</run_address>
         <size>0x20</size>
         <input_file_ref idref="fl-2"/>
      </object_component>
      <object_component id="oc-32">
         <name>.debug_aranges</name>
         <load_address>0xa0</load_address>
         <run_address>0xa0</run_address>
         <size>0x20</size>
         <input_file_ref idref="fl-2"/>
      </object_component>
      <object_component id="oc-64">
         <name>.debug_aranges</name>
         <load_address>0xc0</load_address>
         <run_address>0xc0</run_address>
         <size>0x20</size>
         <input_file_ref idref="fl-c0"/>
      </object_component>
      <object_component id="oc-10e">
         <name>.debug_aranges</name>
         <load_address>0xe0</load_address>
         <run_address>0xe0</run_address>
         <size>0x20</size>
         <input_file_ref idref="fl-c1"/>
      </object_component>
      <object_component id="oc-a9">
         <name>.debug_aranges</name>
         <load_address>0x100</load_address>
         <run_address>0x100</run_address>
         <size>0x20</size>
         <input_file_ref idref="fl-c7"/>
      </object_component>
      <object_component id="oc-17b">
         <name>.debug_aranges</name>
         <load_address>0x120</load_address>
         <run_address>0x120</run_address>
         <size>0x20</size>
         <input_file_ref idref="fl-c9"/>
      </object_component>
      <object_component id="oc-107">
         <name>.debug_aranges</name>
         <load_address>0x140</load_address>
         <run_address>0x140</run_address>
         <size>0x20</size>
         <input_file_ref idref="fl-ca"/>
      </object_component>
      <object_component id="oc-16c">
         <name>.debug_aranges</name>
         <load_address>0x160</load_address>
         <run_address>0x160</run_address>
         <size>0x20</size>
         <input_file_ref idref="fl-ca"/>
      </object_component>
      <object_component id="oc-172">
         <name>.debug_aranges</name>
         <load_address>0x180</load_address>
         <run_address>0x180</run_address>
         <size>0x20</size>
         <input_file_ref idref="fl-ca"/>
      </object_component>
      <object_component id="oc-101">
         <name>.debug_aranges</name>
         <load_address>0x1a0</load_address>
         <run_address>0x1a0</run_address>
         <size>0x20</size>
         <input_file_ref idref="fl-ca"/>
      </object_component>
      <object_component id="oc-ee">
         <name>.debug_aranges</name>
         <load_address>0x1c0</load_address>
         <run_address>0x1c0</run_address>
         <size>0x20</size>
         <input_file_ref idref="fl-ca"/>
      </object_component>
      <object_component id="oc-f5">
         <name>.debug_aranges</name>
         <load_address>0x1e0</load_address>
         <run_address>0x1e0</run_address>
         <size>0x20</size>
         <input_file_ref idref="fl-ca"/>
      </object_component>
      <object_component id="oc-e8">
         <name>.debug_aranges</name>
         <load_address>0x200</load_address>
         <run_address>0x200</run_address>
         <size>0x20</size>
         <input_file_ref idref="fl-cc"/>
      </object_component>
      <object_component id="oc-e2">
         <name>.debug_aranges</name>
         <load_address>0x220</load_address>
         <run_address>0x220</run_address>
         <size>0x20</size>
         <input_file_ref idref="fl-cc"/>
      </object_component>
      <object_component id="oc-14e">
         <name>.debug_aranges</name>
         <load_address>0x240</load_address>
         <run_address>0x240</run_address>
         <size>0x20</size>
         <input_file_ref idref="fl-cc"/>
      </object_component>
      <object_component id="oc-154">
         <name>.debug_aranges</name>
         <load_address>0x260</load_address>
         <run_address>0x260</run_address>
         <size>0x20</size>
         <input_file_ref idref="fl-cc"/>
      </object_component>
      <object_component id="oc-dc">
         <name>.debug_aranges</name>
         <load_address>0x280</load_address>
         <run_address>0x280</run_address>
         <size>0x20</size>
         <input_file_ref idref="fl-cc"/>
      </object_component>
      <object_component id="oc-fc">
         <name>.debug_pubnames</name>
         <load_address>0x0</load_address>
         <run_address>0x0</run_address>
         <size>0x1f</size>
         <input_file_ref idref="fl-1"/>
      </object_component>
      <object_component id="oc-b0">
         <name>.debug_pubnames</name>
         <load_address>0x1f</load_address>
         <run_address>0x1f</run_address>
         <size>0x1b</size>
         <input_file_ref idref="fl-1"/>
      </object_component>
      <object_component id="oc-11">
         <name>.debug_pubnames</name>
         <load_address>0x3a</load_address>
         <run_address>0x3a</run_address>
         <size>0x23</size>
         <input_file_ref idref="fl-2"/>
      </object_component>
      <object_component id="oc-27">
         <name>.debug_pubnames</name>
         <load_address>0x5d</load_address>
         <run_address>0x5d</run_address>
         <size>0x1f</size>
         <input_file_ref idref="fl-2"/>
      </object_component>
      <object_component id="oc-2d">
         <name>.debug_pubnames</name>
         <load_address>0x7c</load_address>
         <run_address>0x7c</run_address>
         <size>0x1c</size>
         <input_file_ref idref="fl-2"/>
      </object_component>
      <object_component id="oc-39">
         <name>.debug_pubnames</name>
         <load_address>0x98</load_address>
         <run_address>0x98</run_address>
         <size>0x28</size>
         <input_file_ref idref="fl-2"/>
      </object_component>
      <object_component id="oc-33">
         <name>.debug_pubnames</name>
         <load_address>0xc0</load_address>
         <run_address>0xc0</run_address>
         <size>0x1f</size>
         <input_file_ref idref="fl-2"/>
      </object_component>
      <object_component id="oc-23">
         <name>.debug_pubnames</name>
         <load_address>0xdf</load_address>
         <run_address>0xdf</run_address>
         <size>0x1e</size>
         <input_file_ref idref="fl-c0"/>
      </object_component>
      <object_component id="oc-65">
         <name>.debug_pubnames</name>
         <load_address>0xfd</load_address>
         <run_address>0xfd</run_address>
         <size>0x2d</size>
         <input_file_ref idref="fl-c0"/>
      </object_component>
      <object_component id="oc-10f">
         <name>.debug_pubnames</name>
         <load_address>0x12a</load_address>
         <run_address>0x12a</run_address>
         <size>0x1c</size>
         <input_file_ref idref="fl-c1"/>
      </object_component>
      <object_component id="oc-aa">
         <name>.debug_pubnames</name>
         <load_address>0x146</load_address>
         <run_address>0x146</run_address>
         <size>0x27</size>
         <input_file_ref idref="fl-c7"/>
      </object_component>
      <object_component id="oc-17c">
         <name>.debug_pubnames</name>
         <load_address>0x16d</load_address>
         <run_address>0x16d</run_address>
         <size>0x23</size>
         <input_file_ref idref="fl-c9"/>
      </object_component>
      <object_component id="oc-108">
         <name>.debug_pubnames</name>
         <load_address>0x190</load_address>
         <run_address>0x190</run_address>
         <size>0x23</size>
         <input_file_ref idref="fl-ca"/>
      </object_component>
      <object_component id="oc-16d">
         <name>.debug_pubnames</name>
         <load_address>0x1b3</load_address>
         <run_address>0x1b3</run_address>
         <size>0x25</size>
         <input_file_ref idref="fl-ca"/>
      </object_component>
      <object_component id="oc-173">
         <name>.debug_pubnames</name>
         <load_address>0x1d8</load_address>
         <run_address>0x1d8</run_address>
         <size>0x27</size>
         <input_file_ref idref="fl-ca"/>
      </object_component>
      <object_component id="oc-102">
         <name>.debug_pubnames</name>
         <load_address>0x1ff</load_address>
         <run_address>0x1ff</run_address>
         <size>0x2c</size>
         <input_file_ref idref="fl-ca"/>
      </object_component>
      <object_component id="oc-ef">
         <name>.debug_pubnames</name>
         <load_address>0x22b</load_address>
         <run_address>0x22b</run_address>
         <size>0x2b</size>
         <input_file_ref idref="fl-ca"/>
      </object_component>
      <object_component id="oc-f6">
         <name>.debug_pubnames</name>
         <load_address>0x256</load_address>
         <run_address>0x256</run_address>
         <size>0x22</size>
         <input_file_ref idref="fl-ca"/>
      </object_component>
      <object_component id="oc-15a">
         <name>.debug_pubnames</name>
         <load_address>0x278</load_address>
         <run_address>0x278</run_address>
         <size>0x23</size>
         <input_file_ref idref="fl-cc"/>
      </object_component>
      <object_component id="oc-15d">
         <name>.debug_pubnames</name>
         <load_address>0x29b</load_address>
         <run_address>0x29b</run_address>
         <size>0x29</size>
         <input_file_ref idref="fl-cc"/>
      </object_component>
      <object_component id="oc-1a4">
         <name>.debug_pubnames</name>
         <load_address>0x2c4</load_address>
         <run_address>0x2c4</run_address>
         <size>0x26</size>
         <input_file_ref idref="fl-cc"/>
      </object_component>
      <object_component id="oc-160">
         <name>.debug_pubnames</name>
         <load_address>0x2ea</load_address>
         <run_address>0x2ea</run_address>
         <size>0x2c</size>
         <input_file_ref idref="fl-cc"/>
      </object_component>
      <object_component id="oc-e9">
         <name>.debug_pubnames</name>
         <load_address>0x316</load_address>
         <run_address>0x316</run_address>
         <size>0x2c</size>
         <input_file_ref idref="fl-cc"/>
      </object_component>
      <object_component id="oc-e3">
         <name>.debug_pubnames</name>
         <load_address>0x342</load_address>
         <run_address>0x342</run_address>
         <size>0x2d</size>
         <input_file_ref idref="fl-cc"/>
      </object_component>
      <object_component id="oc-14f">
         <name>.debug_pubnames</name>
         <load_address>0x36f</load_address>
         <run_address>0x36f</run_address>
         <size>0x2a</size>
         <input_file_ref idref="fl-cc"/>
      </object_component>
      <object_component id="oc-155">
         <name>.debug_pubnames</name>
         <load_address>0x399</load_address>
         <run_address>0x399</run_address>
         <size>0x2a</size>
         <input_file_ref idref="fl-cc"/>
      </object_component>
      <object_component id="oc-dd">
         <name>.debug_pubnames</name>
         <load_address>0x3c3</load_address>
         <run_address>0x3c3</run_address>
         <size>0x29</size>
         <input_file_ref idref="fl-cc"/>
      </object_component>
      <object_component id="oc-83">
         <name>.debug_pubtypes</name>
         <load_address>0x0</load_address>
         <run_address>0x0</run_address>
         <size>0x25c</size>
         <input_file_ref idref="fl-1"/>
      </object_component>
      <object_component id="oc-c5">
         <name>.debug_pubtypes</name>
         <load_address>0x25c</load_address>
         <run_address>0x25c</run_address>
         <size>0xff</size>
         <input_file_ref idref="fl-1"/>
      </object_component>
      <object_component id="oc-c0">
         <name>.debug_pubtypes</name>
         <load_address>0x35b</load_address>
         <run_address>0x35b</run_address>
         <size>0x325</size>
         <input_file_ref idref="fl-1"/>
      </object_component>
      <object_component id="oc-88">
         <name>.debug_pubtypes</name>
         <load_address>0x680</load_address>
         <run_address>0x680</run_address>
         <size>0xaa</size>
         <input_file_ref idref="fl-1"/>
      </object_component>
      <object_component id="oc-46">
         <name>.debug_pubtypes</name>
         <load_address>0x72a</load_address>
         <run_address>0x72a</run_address>
         <size>0xed</size>
         <input_file_ref idref="fl-2"/>
      </object_component>
      <object_component id="oc-163">
         <name>.debug_pubtypes</name>
         <load_address>0x817</load_address>
         <run_address>0x817</run_address>
         <size>0x1c6</size>
         <input_file_ref idref="fl-c9"/>
      </object_component>
      <object_component id="oc-1b0">
         <name>.debug_pubtypes</name>
         <load_address>0x9dd</load_address>
         <run_address>0x9dd</run_address>
         <size>0x28</size>
         <input_file_ref idref="fl-cc"/>
      </object_component>
   </object_component_list>
   <logical_group_list>
      <logical_group id="lg-3" display="no" color="cyan">
         <name>.intvecs</name>
         <load_address>0x0</load_address>
         <run_address>0x0</run_address>
         <size>0x200</size>
         <contents>
            <object_component_ref idref="oc-f"/>
         </contents>
      </logical_group>
      <logical_group id="lg-4" display="no" color="cyan">
         <name>.text</name>
         <load_address>0x200</load_address>
         <run_address>0x200</run_address>
         <size>0x60e</size>
         <contents>
            <object_component_ref idref="oc-da"/>
            <object_component_ref idref="oc-170"/>
            <object_component_ref idref="oc-30"/>
            <object_component_ref idref="oc-ad"/>
            <object_component_ref idref="oc-179"/>
            <object_component_ref idref="oc-152"/>
            <object_component_ref idref="oc-e6"/>
            <object_component_ref idref="oc-f9"/>
            <object_component_ref idref="oc-36"/>
            <object_component_ref idref="oc-e0"/>
            <object_component_ref idref="oc-62"/>
            <object_component_ref idref="oc-16a"/>
            <object_component_ref idref="oc-2a"/>
            <object_component_ref idref="oc-14c"/>
            <object_component_ref idref="oc-ff"/>
            <object_component_ref idref="oc-ec"/>
            <object_component_ref idref="oc-f3"/>
            <object_component_ref idref="oc-105"/>
            <object_component_ref idref="oc-24"/>
            <object_component_ref idref="oc-f2"/>
            <object_component_ref idref="oc-a7"/>
            <object_component_ref idref="oc-10c"/>
         </contents>
      </logical_group>
      <logical_group id="lg-5" display="no" color="cyan">
         <name>.const</name>
         <load_address>0x810</load_address>
         <run_address>0x810</run_address>
         <size>0x254</size>
         <contents>
            <object_component_ref idref="oc-15b"/>
            <object_component_ref idref="oc-158"/>
            <object_component_ref idref="oc-1a2"/>
            <object_component_ref idref="oc-15e"/>
         </contents>
      </logical_group>
      <logical_group id="lg-6" display="no" color="cyan">
         <name>.cinit</name>
         <run_address>0x0</run_address>
         <size>0x0</size>
         <contents>
         </contents>
      </logical_group>
      <logical_group id="lg-7" display="no" color="cyan">
         <name>.pinit</name>
         <run_address>0x0</run_address>
         <size>0x0</size>
         <contents>
         </contents>
      </logical_group>
      <logical_group id="lg-8" display="no" color="cyan">
         <name>.init_array</name>
         <run_address>0x0</run_address>
         <size>0x0</size>
         <contents>
         </contents>
      </logical_group>
      <logical_group id="lg-9" display="no" color="cyan">
         <name>.vtable</name>
         <run_address>0x0</run_address>
         <size>0x0</size>
         <contents>
         </contents>
      </logical_group>
      <logical_group id="lg-a" display="no" color="cyan">
         <name>.data</name>
         <run_address>0x0</run_address>
         <size>0x0</size>
         <contents>
         </contents>
      </logical_group>
      <logical_group id="lg-b" display="no" color="cyan">
         <name>.bss</name>
         <run_address>0x0</run_address>
         <size>0x0</size>
         <contents>
         </contents>
      </logical_group>
      <logical_group id="lg-c" display="no" color="cyan">
         <name>.sysmem</name>
         <run_address>0x0</run_address>
         <size>0x0</size>
         <contents>
         </contents>
      </logical_group>
      <logical_group id="lg-d" display="no" color="cyan">
         <name>.stack</name>
         <run_address>0x20000000</run_address>
         <size>0x200</size>
         <contents>
            <object_component_ref idref="oc-21"/>
            <object_component_ref idref="oc-216"/>
         </contents>
      </logical_group>
      <logical_group id="lg-1ee" display="no" color="cyan">
         <name>.TI.noinit</name>
         <run_address>0x0</run_address>
         <size>0x0</size>
         <contents>
         </contents>
      </logical_group>
      <logical_group id="lg-1ef" display="no" color="cyan">
         <name>.TI.persistent</name>
         <run_address>0x0</run_address>
         <size>0x0</size>
         <contents>
         </contents>
      </logical_group>
      <logical_group id="lg-1fd" display="never" color="cyan">
         <name>.debug_info</name>
         <load_address>0x0</load_address>
         <run_address>0x0</run_address>
         <size>0x4cab</size>
         <contents>
            <object_component_ref idref="oc-c9"/>
            <object_component_ref idref="oc-fa"/>
            <object_component_ref idref="oc-ae"/>
            <object_component_ref idref="oc-82"/>
            <object_component_ref idref="oc-c4"/>
            <object_component_ref idref="oc-bf"/>
            <object_component_ref idref="oc-87"/>
            <object_component_ref idref="oc-3e"/>
            <object_component_ref idref="oc-10"/>
            <object_component_ref idref="oc-25"/>
            <object_component_ref idref="oc-2b"/>
            <object_component_ref idref="oc-37"/>
            <object_component_ref idref="oc-31"/>
            <object_component_ref idref="oc-45"/>
            <object_component_ref idref="oc-22"/>
            <object_component_ref idref="oc-63"/>
            <object_component_ref idref="oc-10d"/>
            <object_component_ref idref="oc-a8"/>
            <object_component_ref idref="oc-1b9"/>
            <object_component_ref idref="oc-17a"/>
            <object_component_ref idref="oc-162"/>
            <object_component_ref idref="oc-178"/>
            <object_component_ref idref="oc-106"/>
            <object_component_ref idref="oc-16b"/>
            <object_component_ref idref="oc-171"/>
            <object_component_ref idref="oc-100"/>
            <object_component_ref idref="oc-ed"/>
            <object_component_ref idref="oc-f4"/>
            <object_component_ref idref="oc-167"/>
            <object_component_ref idref="oc-159"/>
            <object_component_ref idref="oc-15c"/>
            <object_component_ref idref="oc-1a3"/>
            <object_component_ref idref="oc-15f"/>
            <object_component_ref idref="oc-e7"/>
            <object_component_ref idref="oc-e1"/>
            <object_component_ref idref="oc-14d"/>
            <object_component_ref idref="oc-153"/>
            <object_component_ref idref="oc-db"/>
            <object_component_ref idref="oc-1af"/>
            <object_component_ref idref="oc-217"/>
         </contents>
      </logical_group>
      <logical_group id="lg-1ff" display="never" color="cyan">
         <name>.debug_line</name>
         <load_address>0x0</load_address>
         <run_address>0x0</run_address>
         <size>0x13c3</size>
         <contents>
            <object_component_ref idref="oc-14b"/>
            <object_component_ref idref="oc-fd"/>
            <object_component_ref idref="oc-b1"/>
            <object_component_ref idref="oc-85"/>
            <object_component_ref idref="oc-c7"/>
            <object_component_ref idref="oc-c2"/>
            <object_component_ref idref="oc-8a"/>
            <object_component_ref idref="oc-81"/>
            <object_component_ref idref="oc-3d"/>
            <object_component_ref idref="oc-28"/>
            <object_component_ref idref="oc-2e"/>
            <object_component_ref idref="oc-3a"/>
            <object_component_ref idref="oc-34"/>
            <object_component_ref idref="oc-48"/>
            <object_component_ref idref="oc-7b"/>
            <object_component_ref idref="oc-66"/>
            <object_component_ref idref="oc-110"/>
            <object_component_ref idref="oc-ab"/>
            <object_component_ref idref="oc-1de"/>
            <object_component_ref idref="oc-17d"/>
            <object_component_ref idref="oc-165"/>
            <object_component_ref idref="oc-1b7"/>
            <object_component_ref idref="oc-109"/>
            <object_component_ref idref="oc-16e"/>
            <object_component_ref idref="oc-174"/>
            <object_component_ref idref="oc-103"/>
            <object_component_ref idref="oc-f0"/>
            <object_component_ref idref="oc-f7"/>
            <object_component_ref idref="oc-1ae"/>
            <object_component_ref idref="oc-1a8"/>
            <object_component_ref idref="oc-1aa"/>
            <object_component_ref idref="oc-1dc"/>
            <object_component_ref idref="oc-1ac"/>
            <object_component_ref idref="oc-ea"/>
            <object_component_ref idref="oc-e4"/>
            <object_component_ref idref="oc-150"/>
            <object_component_ref idref="oc-156"/>
            <object_component_ref idref="oc-de"/>
            <object_component_ref idref="oc-1b2"/>
         </contents>
      </logical_group>
      <logical_group id="lg-201" display="never" color="cyan">
         <name>.debug_frame</name>
         <load_address>0x0</load_address>
         <run_address>0x0</run_address>
         <size>0x951</size>
         <contents>
            <object_component_ref idref="oc-fe"/>
            <object_component_ref idref="oc-b2"/>
            <object_component_ref idref="oc-29"/>
            <object_component_ref idref="oc-2f"/>
            <object_component_ref idref="oc-3b"/>
            <object_component_ref idref="oc-35"/>
            <object_component_ref idref="oc-67"/>
            <object_component_ref idref="oc-111"/>
            <object_component_ref idref="oc-ac"/>
            <object_component_ref idref="oc-17e"/>
            <object_component_ref idref="oc-10a"/>
            <object_component_ref idref="oc-16f"/>
            <object_component_ref idref="oc-175"/>
            <object_component_ref idref="oc-104"/>
            <object_component_ref idref="oc-f1"/>
            <object_component_ref idref="oc-f8"/>
            <object_component_ref idref="oc-eb"/>
            <object_component_ref idref="oc-e5"/>
            <object_component_ref idref="oc-151"/>
            <object_component_ref idref="oc-157"/>
            <object_component_ref idref="oc-df"/>
         </contents>
      </logical_group>
      <logical_group id="lg-203" display="never" color="cyan">
         <name>.debug_abbrev</name>
         <load_address>0x0</load_address>
         <run_address>0x0</run_address>
         <size>0xd65</size>
         <contents>
            <object_component_ref idref="oc-14a"/>
            <object_component_ref idref="oc-17f"/>
            <object_component_ref idref="oc-10b"/>
            <object_component_ref idref="oc-84"/>
            <object_component_ref idref="oc-c6"/>
            <object_component_ref idref="oc-c1"/>
            <object_component_ref idref="oc-89"/>
            <object_component_ref idref="oc-80"/>
            <object_component_ref idref="oc-3c"/>
            <object_component_ref idref="oc-7c"/>
            <object_component_ref idref="oc-7d"/>
            <object_component_ref idref="oc-7f"/>
            <object_component_ref idref="oc-7e"/>
            <object_component_ref idref="oc-47"/>
            <object_component_ref idref="oc-7a"/>
            <object_component_ref idref="oc-b4"/>
            <object_component_ref idref="oc-182"/>
            <object_component_ref idref="oc-d9"/>
            <object_component_ref idref="oc-1dd"/>
            <object_component_ref idref="oc-1b8"/>
            <object_component_ref idref="oc-164"/>
            <object_component_ref idref="oc-1b6"/>
            <object_component_ref idref="oc-181"/>
            <object_component_ref idref="oc-1b4"/>
            <object_component_ref idref="oc-1b5"/>
            <object_component_ref idref="oc-180"/>
            <object_component_ref idref="oc-176"/>
            <object_component_ref idref="oc-177"/>
            <object_component_ref idref="oc-1ad"/>
            <object_component_ref idref="oc-1a7"/>
            <object_component_ref idref="oc-1a9"/>
            <object_component_ref idref="oc-1db"/>
            <object_component_ref idref="oc-1ab"/>
            <object_component_ref idref="oc-169"/>
            <object_component_ref idref="oc-168"/>
            <object_component_ref idref="oc-1a5"/>
            <object_component_ref idref="oc-1a6"/>
            <object_component_ref idref="oc-161"/>
            <object_component_ref idref="oc-1b1"/>
            <object_component_ref idref="oc-218"/>
         </contents>
      </logical_group>
      <logical_group id="lg-205" display="never" color="cyan">
         <name>.debug_str</name>
         <load_address>0x0</load_address>
         <run_address>0x0</run_address>
         <size>0xcba</size>
         <contents>
            <object_component_ref idref="oc-86"/>
            <object_component_ref idref="oc-c8"/>
            <object_component_ref idref="oc-c3"/>
            <object_component_ref idref="oc-8b"/>
            <object_component_ref idref="oc-49"/>
            <object_component_ref idref="oc-166"/>
            <object_component_ref idref="oc-1b3"/>
         </contents>
      </logical_group>
      <logical_group id="lg-207" display="never" color="cyan">
         <name>.debug_aranges</name>
         <load_address>0x0</load_address>
         <run_address>0x0</run_address>
         <size>0x2a0</size>
         <contents>
            <object_component_ref idref="oc-fb"/>
            <object_component_ref idref="oc-af"/>
            <object_component_ref idref="oc-26"/>
            <object_component_ref idref="oc-2c"/>
            <object_component_ref idref="oc-38"/>
            <object_component_ref idref="oc-32"/>
            <object_component_ref idref="oc-64"/>
            <object_component_ref idref="oc-10e"/>
            <object_component_ref idref="oc-a9"/>
            <object_component_ref idref="oc-17b"/>
            <object_component_ref idref="oc-107"/>
            <object_component_ref idref="oc-16c"/>
            <object_component_ref idref="oc-172"/>
            <object_component_ref idref="oc-101"/>
            <object_component_ref idref="oc-ee"/>
            <object_component_ref idref="oc-f5"/>
            <object_component_ref idref="oc-e8"/>
            <object_component_ref idref="oc-e2"/>
            <object_component_ref idref="oc-14e"/>
            <object_component_ref idref="oc-154"/>
            <object_component_ref idref="oc-dc"/>
         </contents>
      </logical_group>
      <logical_group id="lg-209" display="never" color="cyan">
         <name>.debug_pubnames</name>
         <load_address>0x0</load_address>
         <run_address>0x0</run_address>
         <size>0x3ec</size>
         <contents>
            <object_component_ref idref="oc-fc"/>
            <object_component_ref idref="oc-b0"/>
            <object_component_ref idref="oc-11"/>
            <object_component_ref idref="oc-27"/>
            <object_component_ref idref="oc-2d"/>
            <object_component_ref idref="oc-39"/>
            <object_component_ref idref="oc-33"/>
            <object_component_ref idref="oc-23"/>
            <object_component_ref idref="oc-65"/>
            <object_component_ref idref="oc-10f"/>
            <object_component_ref idref="oc-aa"/>
            <object_component_ref idref="oc-17c"/>
            <object_component_ref idref="oc-108"/>
            <object_component_ref idref="oc-16d"/>
            <object_component_ref idref="oc-173"/>
            <object_component_ref idref="oc-102"/>
            <object_component_ref idref="oc-ef"/>
            <object_component_ref idref="oc-f6"/>
            <object_component_ref idref="oc-15a"/>
            <object_component_ref idref="oc-15d"/>
            <object_component_ref idref="oc-1a4"/>
            <object_component_ref idref="oc-160"/>
            <object_component_ref idref="oc-e9"/>
            <object_component_ref idref="oc-e3"/>
            <object_component_ref idref="oc-14f"/>
            <object_component_ref idref="oc-155"/>
            <object_component_ref idref="oc-dd"/>
         </contents>
      </logical_group>
      <logical_group id="lg-20b" display="never" color="cyan">
         <name>.debug_pubtypes</name>
         <load_address>0x0</load_address>
         <run_address>0x0</run_address>
         <size>0xa05</size>
         <contents>
            <object_component_ref idref="oc-83"/>
            <object_component_ref idref="oc-c5"/>
            <object_component_ref idref="oc-c0"/>
            <object_component_ref idref="oc-88"/>
            <object_component_ref idref="oc-46"/>
            <object_component_ref idref="oc-163"/>
            <object_component_ref idref="oc-1b0"/>
         </contents>
      </logical_group>
      <load_segment id="lg-219" display="no" color="cyan">
         <name>SEGMENT_0</name>
         <load_address>0x0</load_address>
         <run_address>0x0</run_address>
         <size>0xa64</size>
         <flags>0x5</flags>
         <contents>
            <logical_group_ref idref="lg-3"/>
            <logical_group_ref idref="lg-4"/>
            <logical_group_ref idref="lg-5"/>
         </contents>
      </load_segment>
      <load_segment id="lg-21a" display="no" color="cyan">
         <name>SEGMENT_1</name>
         <run_address>0x20000000</run_address>
         <size>0x200</size>
         <flags>0x6</flags>
         <contents>
            <logical_group_ref idref="lg-d"/>
         </contents>
      </load_segment>
   </logical_group_list>
   <placement_map>
      <memory_area display="yes" color="green">
         <name>FLASH</name>
         <page_id>0x0</page_id>
         <origin>0x0</origin>
         <length>0x100000</length>
         <used_space>0xa62</used_space>
         <unused_space>0xff59e</unused_space>
         <attributes>RX</attributes>
         <usage_details>
            <allocated_space>
               <start_address>0x0</start_address>
               <size>0x200</size>
               <logical_group_ref idref="lg-3"/>
            </allocated_space>
            <allocated_space>
               <start_address>0x200</start_address>
               <size>0x60e</size>
               <logical_group_ref idref="lg-4"/>
            </allocated_space>
            <available_space>
               <start_address>0x80e</start_address>
               <size>0x2</size>
            </available_space>
            <allocated_space>
               <start_address>0x810</start_address>
               <size>0x254</size>
               <logical_group_ref idref="lg-5"/>
            </allocated_space>
            <available_space>
               <start_address>0xa64</start_address>
               <size>0xff59c</size>
            </available_space>
         </usage_details>
      </memory_area>
      <memory_area display="yes" color="green">
         <name>SRAM</name>
         <page_id>0x0</page_id>
         <origin>0x20000000</origin>
         <length>0x40000</length>
         <used_space>0x200</used_space>
         <unused_space>0x3fe00</unused_space>
         <attributes>RWX</attributes>
         <usage_details>
            <allocated_space>
               <start_address>0x20000000</start_address>
               <size>0x200</size>
               <logical_group_ref idref="lg-d"/>
            </allocated_space>
            <available_space>
               <start_address>0x20000200</start_address>
               <size>0x3fe00</size>
            </available_space>
         </usage_details>
      </memory_area>
   </placement_map>
   <symbol_table>
      <symbol id="sm-1">
         <name>__STACK_TOP</name>
         <value>0x20000200</value>
      </symbol>
      <symbol id="sm-2">
         <name>binit</name>
         <value>0xffffffff</value>
      </symbol>
      <symbol id="sm-3">
         <name>__binit__</name>
         <value>0xffffffff</value>
      </symbol>
      <symbol id="sm-4">
         <name>__STACK_SIZE</name>
         <value>0x200</value>
      </symbol>
      <symbol id="sm-5">
         <name>__STACK_END</name>
         <value>0x20000200</value>
      </symbol>
      <symbol id="sm-6">
         <name>__c_args__</name>
         <value>0xffffffff</value>
      </symbol>
      <symbol id="sm-7">
         <name>__TI_pprof_out_hndl</name>
         <value>0xffffffff</value>
      </symbol>
      <symbol id="sm-8">
         <name>__TI_prof_data_start</name>
         <value>0xffffffff</value>
      </symbol>
      <symbol id="sm-9">
         <name>__TI_prof_data_size</name>
         <value>0xffffffff</value>
      </symbol>
      <symbol id="sm-a">
         <name>__TI_static_base__</name>
         <value>0x0</value>
      </symbol>
      <symbol id="sm-55">
         <name>Flash_wb</name>
         <value>0x6dd</value>
         <object_component_ref idref="oc-f9"/>
      </symbol>
      <symbol id="sm-56">
         <name>main</name>
         <value>0x535</value>
         <object_component_ref idref="oc-ad"/>
      </symbol>
      <symbol id="sm-8c">
         <name>ResetISR</name>
         <value>0x7fb</value>
         <object_component_ref idref="oc-24"/>
      </symbol>
      <symbol id="sm-8d">
         <name>g_pfnVectors</name>
         <value>0x0</value>
         <object_component_ref idref="oc-f"/>
      </symbol>
      <symbol id="sm-a3">
         <name>_c_int00_noinit_noargs</name>
         <value>0x749</value>
         <object_component_ref idref="oc-62"/>
      </symbol>
      <symbol id="sm-a4">
         <name>__stack</name>
         <value>0x20000000</value>
         <object_component_ref idref="oc-21"/>
      </symbol>
      <symbol id="sm-af">
         <name>C$$EXIT</name>
         <value>0x80b</value>
         <object_component_ref idref="oc-10c"/>
      </symbol>
      <symbol id="sm-b0">
         <name>abort</name>
         <value>0x80b</value>
         <object_component_ref idref="oc-10c"/>
      </symbol>
      <symbol id="sm-bf">
         <name>_system_pre_init</name>
         <value>0x807</value>
         <object_component_ref idref="oc-a7"/>
      </symbol>
      <symbol id="sm-dc">
         <name>FlashProgram</name>
         <value>0x5f5</value>
         <object_component_ref idref="oc-179"/>
      </symbol>
      <symbol id="sm-113">
         <name>GPIOPinTypeGPIOInput</name>
         <value>0x7dd</value>
         <object_component_ref idref="oc-ec"/>
      </symbol>
      <symbol id="sm-114">
         <name>GPIOPinTypeGPIOOutput</name>
         <value>0x7c5</value>
         <object_component_ref idref="oc-ff"/>
      </symbol>
      <symbol id="sm-115">
         <name>GPIOPinRead</name>
         <value>0x7ef</value>
         <object_component_ref idref="oc-f3"/>
      </symbol>
      <symbol id="sm-116">
         <name>GPIODirModeSet</name>
         <value>0x779</value>
         <object_component_ref idref="oc-16a"/>
      </symbol>
      <symbol id="sm-117">
         <name>GPIOPinWrite</name>
         <value>0x7f5</value>
         <object_component_ref idref="oc-105"/>
      </symbol>
      <symbol id="sm-118">
         <name>GPIOPadConfigSet</name>
         <value>0x401</value>
         <object_component_ref idref="oc-170"/>
      </symbol>
      <symbol id="sm-195">
         <name>SysCtlDelay</name>
         <value>0x801</value>
         <object_component_ref idref="oc-f2"/>
      </symbol>
      <symbol id="sm-196">
         <name>SysCtlPeripheralEnable</name>
         <value>0x715</value>
         <object_component_ref idref="oc-e0"/>
      </symbol>
      <symbol id="sm-197">
         <name>SysCtlPeripheralReady</name>
         <value>0x6a5</value>
         <object_component_ref idref="oc-e6"/>
      </symbol>
      <symbol id="sm-198">
         <name>SysCtlClockFreqSet</name>
         <value>0x201</value>
         <object_component_ref idref="oc-da"/>
      </symbol>
      <symbol id="sm-19a">
         <name>__mpu_init</name>
         <value>0x0</value>
      </symbol>
   </symbol_table>
   <title>Link successful</title>
</link_info>
